{"Name":"src","Type":"sample","Repo":"github.com/sgtest/tiny-test-repo-wth-readme","Files":[],"Dependencies":[{"name":"mydep"}],"Ops":{"depresolve":null,"graph":null}}
