[{"Raw":{"name":"mydep"},"Target":{"ToRepoCloneURL":"https://github.com/example/repo"}}]
